== three repetitions of the sender comparison 2026-09-28T21:38:10+05:30
-- rep1 senders=1 exit=0
quality_rung_result mix=pure-srt destinations=128 srt=128 rtmp=0 hls=0 hls_push=0 result=pass
-- rep1 senders=2 exit=0
quality_rung_result mix=pure-srt destinations=128 srt=128 rtmp=0 hls=0 hls_push=0 result=pass
-- rep1 senders=4 exit=0
quality_rung_result mix=pure-srt destinations=128 srt=128 rtmp=0 hls=0 hls_push=0 result=pass
-- rep1 senders=8 exit=0
quality_rung_result mix=pure-srt destinations=128 srt=128 rtmp=0 hls=0 hls_push=0 result=pass
-- rep1 senders=16 exit=0
quality_rung_result mix=pure-srt destinations=128 srt=128 rtmp=0 hls=0 hls_push=0 result=pass
-- rep1 senders=adaptive exit=0
quality_rung_result mix=pure-srt destinations=128 srt=128 rtmp=0 hls=0 hls_push=0 result=pass
-- rep2 senders=1 exit=0
quality_rung_result mix=pure-srt destinations=128 srt=128 rtmp=0 hls=0 hls_push=0 result=pass
-- rep2 senders=2 exit=2
quality_rung_result mix=pure-srt destinations=128 srt=128 rtmp=0 hls=0 hls_push=0 result=pass
-- rep2 senders=4 exit=0
quality_rung_result mix=pure-srt destinations=128 srt=128 rtmp=0 hls=0 hls_push=0 result=pass
-- rep2 senders=8 exit=0
quality_rung_result mix=pure-srt destinations=128 srt=128 rtmp=0 hls=0 hls_push=0 result=pass
-- rep2 senders=16 exit=0
quality_rung_result mix=pure-srt destinations=128 srt=128 rtmp=0 hls=0 hls_push=0 result=pass
-- rep2 senders=adaptive exit=0
quality_rung_result mix=pure-srt destinations=128 srt=128 rtmp=0 hls=0 hls_push=0 result=pass
-- rep3 senders=1 exit=0
quality_rung_result mix=pure-srt destinations=128 srt=128 rtmp=0 hls=0 hls_push=0 result=pass
-- rep3 senders=2 exit=0
quality_rung_result mix=pure-srt destinations=128 srt=128 rtmp=0 hls=0 hls_push=0 result=pass
-- rep3 senders=4 exit=0
quality_rung_result mix=pure-srt destinations=128 srt=128 rtmp=0 hls=0 hls_push=0 result=pass
-- rep3 senders=8 exit=0
quality_rung_result mix=pure-srt destinations=128 srt=128 rtmp=0 hls=0 hls_push=0 result=pass
-- rep3 senders=16 exit=0
quality_rung_result mix=pure-srt destinations=128 srt=128 rtmp=0 hls=0 hls_push=0 result=pass
-- rep3 senders=adaptive exit=0
quality_rung_result mix=pure-srt destinations=128 srt=128 rtmp=0 hls=0 hls_push=0 result=pass
== done 2026-09-28T22:14:30+05:30
